[www.commonsupport.com/html/Nasim/Vervoer/index.html]
[backblue.gif]
[fade.gif]
[index.html]
[www.commonsupport.com/html/Nasim/Vervoer/css/bootstrap.css]
[www.commonsupport.com/html/Nasim/Vervoer/css/animate.css]
[www.commonsupport.com/html/Nasim/Vervoer/css/nice-select.css]
[www.commonsupport.com/html/Nasim/Vervoer/css/owl.css]
[www.commonsupport.com/html/Nasim/Vervoer/css/jquery-ui.css]
[www.commonsupport.com/html/Nasim/Vervoer/css/jquery.fancybox.min.css]
[www.commonsupport.com/html/Nasim/Vervoer/css/font-awesome.css]
[www.commonsupport.com/html/Nasim/Vervoer/css/icofont.css]
[www.commonsupport.com/html/Nasim/Vervoer/css/flaticon.css]
[www.commonsupport.com/html/Nasim/Vervoer/css/global.css]
[www.commonsupport.com/html/Nasim/Vervoer/css/elpath.css]
[www.commonsupport.com/html/Nasim/Vervoer/css/header.css]
[www.commonsupport.com/html/Nasim/Vervoer/css/footer.css]
[www.commonsupport.com/html/Nasim/Vervoer/css/banner-section.css]
[www.commonsupport.com/html/Nasim/Vervoer/css/blog-section.css]
[www.commonsupport.com/html/Nasim/Vervoer/css/style.css]
[www.commonsupport.com/html/Nasim/Vervoer/css/correction.css]
[www.commonsupport.com/html/Nasim/Vervoer/css/responsive.css]
[www.commonsupport.com/html/Nasim/Vervoer/images/icons/favicon.png]
[www.commonsupport.com/html/Nasim/Vervoer/index-2.html]
[www.commonsupport.com/html/Nasim/Vervoer/images/logo-1.svg]
[www.commonsupport.com/html/Nasim/Vervoer/images/logo.svg]
[www.commonsupport.com/html/Nasim/Vervoer/index-3.html]
[www.commonsupport.com/html/Nasim/Vervoer/index-4.html]
[www.commonsupport.com/html/Nasim/Vervoer/index-5.html]
[www.commonsupport.com/html/Nasim/Vervoer/index-6.html]
[www.commonsupport.com/html/Nasim/Vervoer/index-7.html]
[www.commonsupport.com/html/Nasim/Vervoer/index-8.html]
[www.commonsupport.com/html/Nasim/Vervoer/index-9.html]
[www.commonsupport.com/html/Nasim/Vervoer/index-10.html]
[www.commonsupport.com/html/Nasim/Vervoer/about.html]
[www.commonsupport.com/html/Nasim/Vervoer/services.html]
[www.commonsupport.com/html/Nasim/Vervoer/service-details.html]
[www.commonsupport.com/html/Nasim/Vervoer/portfolio-four-grid.html]
[www.commonsupport.com/html/Nasim/Vervoer/portfolio-three-grid.html]
[www.commonsupport.com/html/Nasim/Vervoer/portfolio-details.html]
[www.commonsupport.com/html/Nasim/Vervoer/history.html]
[www.commonsupport.com/html/Nasim/Vervoer/team.html]
[www.commonsupport.com/html/Nasim/Vervoer/team-details.html]
[www.commonsupport.com/html/Nasim/Vervoer/clients.html]
[www.commonsupport.com/html/Nasim/Vervoer/faq.html]
[www.commonsupport.com/html/Nasim/Vervoer/error.html]
[www.commonsupport.com/html/Nasim/Vervoer/request-a-quote.html]
[www.commonsupport.com/html/Nasim/Vervoer/newsletter-popup.html]
[www.commonsupport.com/html/Nasim/Vervoer/news-grid.html]
[www.commonsupport.com/html/Nasim/Vervoer/news-standard.html]
[www.commonsupport.com/html/Nasim/Vervoer/news-details.html]
[www.commonsupport.com/html/Nasim/Vervoer/contact.html]
[www.commonsupport.com/html/Nasim/Vervoer/images/icons/low-price.svg]
[www.commonsupport.com/html/Nasim/Vervoer/images/icons/order-tracking.svg]
[www.commonsupport.com/html/Nasim/Vervoer/images/banner/banner-1.jpg]
[www.commonsupport.com/html/Nasim/Vervoer/images/banner/banner-1-1.jpg]
[www.commonsupport.com/html/Nasim/Vervoer/images/banner/banner-1-2.jpg]
[www.commonsupport.com/html/Nasim/Vervoer/images/banner/plane.png]
[www.commonsupport.com/html/Nasim/Vervoer/images/shape/shape-1.png]
[www.commonsupport.com/html/Nasim/Vervoer/images/shape/landing.png]
[www.commonsupport.com/html/Nasim/Vervoer/images/shape/Illustration.png]
[www.commonsupport.com/html/Nasim/Vervoer/images/resource/map-image-2.png]
[www.commonsupport.com/html/Nasim/Vervoer/images/shape/certified-logo.png]
[www.commonsupport.com/html/Nasim/Vervoer/images/resource/about-image.jpg]
[www.commonsupport.com/html/Nasim/Vervoer/images/resource/about-image-2.jpg]
[www.commonsupport.com/html/Nasim/Vervoer/images/shape/company-logo.png]
[www.commonsupport.com/html/Nasim/Vervoer/images/icons/clock.svg]
[www.commonsupport.com/html/Nasim/Vervoer/images/service/service-7.jpg]
[www.commonsupport.com/html/Nasim/Vervoer/images/icons/01.png]
[www.commonsupport.com/html/Nasim/Vervoer/images/icons/air-freight.svg]
[www.commonsupport.com/html/Nasim/Vervoer/images/service/service-4.jpg]
[www.commonsupport.com/html/Nasim/Vervoer/images/service/service-8.jpg]
[www.commonsupport.com/html/Nasim/Vervoer/images/icons/rail-freight.svg]
[www.commonsupport.com/html/Nasim/Vervoer/images/icons/02.png]
[www.commonsupport.com/html/Nasim/Vervoer/images/service/service-5.jpg]
[www.commonsupport.com/html/Nasim/Vervoer/images/service/service-9.jpg]
[www.commonsupport.com/html/Nasim/Vervoer/images/icons/road-freight.svg]
[www.commonsupport.com/html/Nasim/Vervoer/images/icons/03.png]
[www.commonsupport.com/html/Nasim/Vervoer/images/service/service-6.jpg]
[www.commonsupport.com/html/Nasim/Vervoer/images/shape/close-box.png]
[www.commonsupport.com/html/Nasim/Vervoer/images/shape/open-box.png]
[www.commonsupport.com/html/Nasim/Vervoer/images/shape/shape-3.png]
[www.commonsupport.com/html/Nasim/Vervoer/images/shape/shape-4.png]
[www.commonsupport.com/html/Nasim/Vervoer/images/background/how-to-works-bg.jpg]
[www.commonsupport.com/html/Nasim/Vervoer/images/shape/shape-2.png]
[www.commonsupport.com/html/Nasim/Vervoer/images/shape/border-dotted.png]
[www.commonsupport.com/html/Nasim/Vervoer/images/shape/border-dotted-1.png]
[www.commonsupport.com/html/Nasim/Vervoer/images/shape/border-dotted-2.png]
[www.commonsupport.com/html/Nasim/Vervoer/images/background/service-bg.jpg]
[www.commonsupport.com/html/Nasim/Vervoer/images/service/service-1.jpg]
[www.commonsupport.com/html/Nasim/Vervoer/images/service/service-2.jpg]
[www.commonsupport.com/html/Nasim/Vervoer/images/service/service-3.jpg]
[www.commonsupport.com/html/Nasim/Vervoer/images/testimonials/author-1.png]
[www.commonsupport.com/html/Nasim/Vervoer/images/testimonials/author-2.png]
[www.commonsupport.com/html/Nasim/Vervoer/images/testimonials/author-3.png]
[www.commonsupport.com/html/Nasim/Vervoer/images/clients/client-1.png]
[www.commonsupport.com/html/Nasim/Vervoer/images/clients/client-2.png]
[www.commonsupport.com/html/Nasim/Vervoer/images/clients/client-3.png]
[www.commonsupport.com/html/Nasim/Vervoer/images/clients/client-4.png]
[www.commonsupport.com/html/Nasim/Vervoer/images/blog/blog-1.jpg]
[www.commonsupport.com/html/Nasim/Vervoer/images/blog/blog-2.jpg]
[www.commonsupport.com/html/Nasim/Vervoer/images/resource/cta-left-image.jpg]
[www.commonsupport.com/html/Nasim/Vervoer/images/shape/weight.png]
[www.commonsupport.com/html/Nasim/Vervoer/images/footer-logo.svg]
[www.commonsupport.com/html/Nasim/Vervoer/images/project/project-1.png]
[www.commonsupport.com/html/Nasim/Vervoer/images/project/project-2.png]
[www.commonsupport.com/html/Nasim/Vervoer/images/project/project-3.png]
[www.commonsupport.com/html/Nasim/Vervoer/images/project/project-4.png]
[www.commonsupport.com/html/Nasim/Vervoer/images/project/project-5.png]
[www.commonsupport.com/html/Nasim/Vervoer/images/project/project-6.png]
[www.commonsupport.com/html/Nasim/Vervoer/js/jquery.js]
[www.commonsupport.com/html/Nasim/Vervoer/js/bootstrap.js]
[www.commonsupport.com/html/Nasim/Vervoer/js/appear.js]
[www.commonsupport.com/html/Nasim/Vervoer/js/jquery-ui.js]
[www.commonsupport.com/html/Nasim/Vervoer/js/jquery.fancybox.js]
[www.commonsupport.com/html/Nasim/Vervoer/js/jquery.nice-select.min.js]
[www.commonsupport.com/html/Nasim/Vervoer/js/owl.js]
[www.commonsupport.com/html/Nasim/Vervoer/js/wow.js]
[www.commonsupport.com/html/Nasim/Vervoer/js/parallax-scroll.js]
[www.commonsupport.com/html/Nasim/Vervoer/js/parallax.min.js]
[www.commonsupport.com/html/Nasim/Vervoer/js/TweenMax.min.js]
[www.commonsupport.com/html/Nasim/Vervoer/js/validation.js]
[www.commonsupport.com/html/Nasim/Vervoer/js/bxslider.js]
[www.commonsupport.com/html/Nasim/Vervoer/js/main.js]
[www.commonsupport.com/html/Nasim/Vervoer/index.html]
[www.commonsupport.com/html/Nasim/Vervoer/css/bootstrap.css]
[www.commonsupport.com/html/Nasim/Vervoer/css/animate.css]
[www.commonsupport.com/html/Nasim/Vervoer/css/nice-select.css]
[www.commonsupport.com/html/Nasim/Vervoer/css/owl.video.play.png]
[www.commonsupport.com/html/Nasim/Vervoer/css/owl.css]
[www.commonsupport.com/html/Nasim/Vervoer/css/images/ui-icons_444444_256x240.png]
[www.commonsupport.com/html/Nasim/Vervoer/css/images/ui-icons_555555_256x240.png]
[www.commonsupport.com/html/Nasim/Vervoer/css/images/ui-icons_777620_256x240.png]
[www.commonsupport.com/html/Nasim/Vervoer/css/images/ui-icons_cc0000_256x240.png]
[www.commonsupport.com/html/Nasim/Vervoer/css/jquery-ui.css]
[www.commonsupport.com/html/Nasim/Vervoer/css/jquery.fancybox.min.css]
[www.commonsupport.com/html/Nasim/Vervoer/fonts/font-awesome/fa-brands-400.eot]
[www.commonsupport.com/html/Nasim/Vervoer/fonts/font-awesome/fa-brands-400d41d.eot]
[www.commonsupport.com/html/Nasim/Vervoer/fonts/font-awesome/fa-brands-400.woff2]
[www.commonsupport.com/html/Nasim/Vervoer/fonts/font-awesome/fa-brands-400.woff]
[www.commonsupport.com/html/Nasim/Vervoer/fonts/font-awesome/fa-brands-400.svg]
[www.commonsupport.com/html/Nasim/Vervoer/fonts/font-awesome/fa-brands-400.ttf]
[www.commonsupport.com/html/Nasim/Vervoer/fonts/font-awesome/fa-light-300.eot]
[www.commonsupport.com/html/Nasim/Vervoer/fonts/font-awesome/fa-light-300d41d.eot]
[www.commonsupport.com/html/Nasim/Vervoer/fonts/font-awesome/fa-light-300.woff2]
[www.commonsupport.com/html/Nasim/Vervoer/fonts/font-awesome/fa-light-300.woff]
[www.commonsupport.com/html/Nasim/Vervoer/fonts/font-awesome/fa-light-300.ttf]
[www.commonsupport.com/html/Nasim/Vervoer/fonts/font-awesome/fa-light-300.svg]
[www.commonsupport.com/html/Nasim/Vervoer/fonts/font-awesome/fa-regular-400d41d.eot]
[www.commonsupport.com/html/Nasim/Vervoer/fonts/font-awesome/fa-regular-400.woff2]
[www.commonsupport.com/html/Nasim/Vervoer/fonts/font-awesome/fa-regular-400.eot]
[www.commonsupport.com/html/Nasim/Vervoer/fonts/font-awesome/fa-regular-400.woff]
[www.commonsupport.com/html/Nasim/Vervoer/fonts/font-awesome/fa-regular-400.ttf]
[www.commonsupport.com/html/Nasim/Vervoer/fonts/font-awesome/fa-regular-400.svg]
[www.commonsupport.com/html/Nasim/Vervoer/fonts/font-awesome/fa-solid-900.eot]
[www.commonsupport.com/html/Nasim/Vervoer/fonts/font-awesome/fa-solid-900d41d.eot]
[www.commonsupport.com/html/Nasim/Vervoer/fonts/font-awesome/fa-solid-900.woff2]
[www.commonsupport.com/html/Nasim/Vervoer/fonts/font-awesome/fa-solid-900.woff]
[www.commonsupport.com/html/Nasim/Vervoer/fonts/font-awesome/fa-solid-900.ttf]
[www.commonsupport.com/html/Nasim/Vervoer/fonts/font-awesome/fa-solid-900.svg]
[www.commonsupport.com/html/Nasim/Vervoer/css/font-awesome.css]
[www.commonsupport.com/html/Nasim/Vervoer/fonts/icofont/icofont.woff2]
[www.commonsupport.com/html/Nasim/Vervoer/fonts/icofont/icofont.woff]
[www.commonsupport.com/html/Nasim/Vervoer/css/icofont.css]
[www.commonsupport.com/html/Nasim/Vervoer/fonts/flaticon/flaticon1c9e.woff]
[www.commonsupport.com/html/Nasim/Vervoer/fonts/flaticon/flaticon1c9e.ttf]
[www.commonsupport.com/html/Nasim/Vervoer/fonts/flaticon/flaticon1c9e.woff2]
[www.commonsupport.com/html/Nasim/Vervoer/fonts/flaticon/flaticon1c9e.eot]
[www.commonsupport.com/html/Nasim/Vervoer/css/flaticon.css]
[www.commonsupport.com/html/Nasim/Vervoer/css/global.css]
[www.commonsupport.com/html/Nasim/Vervoer/css/elpath.css]
[www.commonsupport.com/html/Nasim/Vervoer/images/resource/hidden-sidebar.jpg]
[www.commonsupport.com/html/Nasim/Vervoer/css/header.css]
[www.commonsupport.com/html/Nasim/Vervoer/css/footer.css]
[www.commonsupport.com/html/Nasim/Vervoer/css/banner-section.css]
[www.commonsupport.com/html/Nasim/Vervoer/css/blog-section.css]
[www.commonsupport.com/html/Nasim/Vervoer/css/style.css]
[www.commonsupport.com/html/Nasim/Vervoer/css/correction.css]
[www.commonsupport.com/html/Nasim/Vervoer/css/responsive.css]
[www.commonsupport.com/html/Nasim/Vervoer/index-2.html]
[www.commonsupport.com/html/Nasim/Vervoer/images/logo-1.svg]
[www.commonsupport.com/html/Nasim/Vervoer/images/logo.svg]
[www.commonsupport.com/html/Nasim/Vervoer/fonts/flaticon/flaticon1c9e.svg]
[www.commonsupport.com/html/Nasim/Vervoer/images/background/header-bg.jpg]
[www.commonsupport.com/html/Nasim/Vervoer/images/banner/banner-2.jpg]
[www.commonsupport.com/html/Nasim/Vervoer/images/banner/banner-2-1.jpg]
[www.commonsupport.com/html/Nasim/Vervoer/images/banner/banner-2-2.jpg]
[www.commonsupport.com/html/Nasim/Vervoer/images/shape/globe.png]
[www.commonsupport.com/html/Nasim/Vervoer/images/resource/about-image-3.jpg]
[www.commonsupport.com/html/Nasim/Vervoer/images/resource/thumb-1.png]
[www.commonsupport.com/html/Nasim/Vervoer/images/resource/thumb-2.png]
[www.commonsupport.com/html/Nasim/Vervoer/images/resource/thumb-3.png]
[www.commonsupport.com/html/Nasim/Vervoer/images/resource/sign.png]
[www.commonsupport.com/html/Nasim/Vervoer/images/shape/location.png]
[www.commonsupport.com/html/Nasim/Vervoer/images/shape/map.png]
[www.commonsupport.com/html/Nasim/Vervoer/images/shape/ship.png]
[www.commonsupport.com/html/Nasim/Vervoer/images/icons/low-price-3.svg]
[www.commonsupport.com/html/Nasim/Vervoer/images/icons/clock-3.svg]
[www.commonsupport.com/html/Nasim/Vervoer/images/icons/order-tracking-1.svg]
[www.commonsupport.com/html/Nasim/Vervoer/images/icons/suport-3.svg]
[www.commonsupport.com/html/Nasim/Vervoer/images/shape/shape-5.png]
[www.commonsupport.com/html/Nasim/Vervoer/images/shape/shape-6.png]
[www.commonsupport.com/html/Nasim/Vervoer/images/shape/shape-7.png]
[www.commonsupport.com/html/Nasim/Vervoer/images/service/service-10.jpg]
[www.commonsupport.com/html/Nasim/Vervoer/images/service/service-11.jpg]
[www.commonsupport.com/html/Nasim/Vervoer/images/service/service-12.jpg]
[www.commonsupport.com/html/Nasim/Vervoer/images/service/service-13.jpg]
[www.commonsupport.com/html/Nasim/Vervoer/images/resource/map-image.png]
[www.commonsupport.com/html/Nasim/Vervoer/images/shape/shape-12.png]
[www.commonsupport.com/html/Nasim/Vervoer/images/resource/contact-men.png]
[www.commonsupport.com/html/Nasim/Vervoer/images/shape/Frame.png]
[www.commonsupport.com/html/Nasim/Vervoer/images/shape/Frame-1.png]
[www.commonsupport.com/html/Nasim/Vervoer/images/shape/Frame-2.png]
[www.commonsupport.com/html/Nasim/Vervoer/images/resource/ship.png]
[www.commonsupport.com/html/Nasim/Vervoer/images/project/project-7.jpg]
[www.commonsupport.com/html/Nasim/Vervoer/images/project/project-8.jpg]
[www.commonsupport.com/html/Nasim/Vervoer/images/project/project-9.jpg]
[www.commonsupport.com/html/Nasim/Vervoer/images/project/project-10.jpg]
[www.commonsupport.com/html/Nasim/Vervoer/images/blog/blog-3.jpg]
[www.commonsupport.com/html/Nasim/Vervoer/images/blog/blog-4.jpg]
[www.commonsupport.com/html/Nasim/Vervoer/images/blog/blog-5.jpg]
[www.commonsupport.com/html/Nasim/Vervoer/images/blog/blog-6.jpg]
[www.commonsupport.com/html/Nasim/Vervoer/images/background/cta-bg-002.jpg]
[www.commonsupport.com/html/Nasim/Vervoer/index-3.html]
[www.commonsupport.com/html/Nasim/Vervoer/images/banner/banner-3.jpg]
[www.commonsupport.com/html/Nasim/Vervoer/images/banner/banner-3-1.jpg]
[www.commonsupport.com/html/Nasim/Vervoer/images/banner/airplane.png]
[www.commonsupport.com/html/Nasim/Vervoer/images/resource/thumb-4.png]
[www.commonsupport.com/html/Nasim/Vervoer/images/resource/shape.png]
[www.commonsupport.com/html/Nasim/Vervoer/images/resource/approach-image-01.jpg]
[www.commonsupport.com/html/Nasim/Vervoer/images/resource/approach-image-02.jpg]
[www.commonsupport.com/html/Nasim/Vervoer/images/icons/low-price-2.svg]
[www.commonsupport.com/html/Nasim/Vervoer/images/icons/clock-2.svg]
[www.commonsupport.com/html/Nasim/Vervoer/images/icons/credit-card.svg]
[www.commonsupport.com/html/Nasim/Vervoer/images/icons/security.svg]
[www.commonsupport.com/html/Nasim/Vervoer/images/icons/warehouse.svg]
[www.commonsupport.com/html/Nasim/Vervoer/images/icons/express-delivery.svg]
[www.commonsupport.com/html/Nasim/Vervoer/images/background/feature-banner-bg.jpg]
[www.commonsupport.com/html/Nasim/Vervoer/images/resource/approach-image-03.png]
[www.commonsupport.com/html/Nasim/Vervoer/images/background/cta-bg-003.jpg]
[www.commonsupport.com/html/Nasim/Vervoer/images/team/team-image-1.jpg]
[www.commonsupport.com/html/Nasim/Vervoer/images/team/team-image-2.jpg]
[www.commonsupport.com/html/Nasim/Vervoer/images/team/team-image-3.jpg]
[www.commonsupport.com/html/Nasim/Vervoer/images/resource/faq-image-one.jpg]
[www.commonsupport.com/html/Nasim/Vervoer/images/resource/faq-image-two.jpg]
[www.commonsupport.com/html/Nasim/Vervoer/images/blog/blog-7.jpg]
[www.commonsupport.com/html/Nasim/Vervoer/images/blog/blog-8.jpg]
[www.commonsupport.com/html/Nasim/Vervoer/images/blog/blog-9.jpg]
[www.commonsupport.com/html/Nasim/Vervoer/index-4.html]
[www.commonsupport.com/html/Nasim/Vervoer/images/banner/fix-banner.png]
[www.commonsupport.com/html/Nasim/Vervoer/images/service/service-14.png]
[www.commonsupport.com/html/Nasim/Vervoer/images/service/service-15.png]
[www.commonsupport.com/html/Nasim/Vervoer/images/service/service-16.png]
[www.commonsupport.com/html/Nasim/Vervoer/images/resource/about-image-4.jpg]
[www.commonsupport.com/html/Nasim/Vervoer/images/resource/rail.png]
[www.commonsupport.com/html/Nasim/Vervoer/images/resource/tab-air.png]
[www.commonsupport.com/html/Nasim/Vervoer/images/resource/tab-bus.png]
[www.commonsupport.com/html/Nasim/Vervoer/images/resource/tab-rail.png]
[www.commonsupport.com/html/Nasim/Vervoer/images/team/team-image-5.jpg]
[www.commonsupport.com/html/Nasim/Vervoer/images/team/team-image-6.jpg]
[www.commonsupport.com/html/Nasim/Vervoer/images/team/team-image-7.jpg]
[www.commonsupport.com/html/Nasim/Vervoer/images/service/service-17.jpg]
[www.commonsupport.com/html/Nasim/Vervoer/images/service/service-18.jpg]
[www.commonsupport.com/html/Nasim/Vervoer/images/service/service-19.jpg]
[www.commonsupport.com/html/Nasim/Vervoer/index-5.html]
[www.commonsupport.com/html/Nasim/Vervoer/images/banner/banner-shape.png]
[www.commonsupport.com/html/Nasim/Vervoer/images/banner/banner-shape-1.png]
[www.commonsupport.com/html/Nasim/Vervoer/images/banner/banner-shape-2.png]
[www.commonsupport.com/html/Nasim/Vervoer/images/banner/banner-shape-3.png]
[www.commonsupport.com/html/Nasim/Vervoer/images/banner/banner-shape-4.png]
[www.commonsupport.com/html/Nasim/Vervoer/images/banner/banner-shape-5.png]
[www.commonsupport.com/html/Nasim/Vervoer/images/banner/map.png]
[www.commonsupport.com/html/Nasim/Vervoer/images/resource/toyota-forklift.png]
[www.commonsupport.com/html/Nasim/Vervoer/images/service/service-20.jpg]
[www.commonsupport.com/html/Nasim/Vervoer/images/service/service-21.jpg]
[www.commonsupport.com/html/Nasim/Vervoer/images/service/service-22.jpg]
[www.commonsupport.com/html/Nasim/Vervoer/images/service/service-23.png]
[www.commonsupport.com/html/Nasim/Vervoer/index-6.html]
[www.commonsupport.com/html/Nasim/Vervoer/images/banner/banner-5.jpg]
[www.commonsupport.com/html/Nasim/Vervoer/images/banner/banner-6.jpg]
[www.commonsupport.com/html/Nasim/Vervoer/images/banner/banner-7.jpg]
[www.commonsupport.com/html/Nasim/Vervoer/images/banner/thumb-1.png]
[www.commonsupport.com/html/Nasim/Vervoer/images/banner/thumb-2.png]
[www.commonsupport.com/html/Nasim/Vervoer/images/banner/thumb-3.png]
[www.commonsupport.com/html/Nasim/Vervoer/images/resource/video-section-image.jpg]
[www.commonsupport.com/html/Nasim/Vervoer/images/service/service-24.png]
[www.commonsupport.com/html/Nasim/Vervoer/images/resource/thumb-5.png]
[www.commonsupport.com/html/Nasim/Vervoer/images/service/service-25.jpg]
[www.commonsupport.com/html/Nasim/Vervoer/images/service/service-26.jpg]
[www.commonsupport.com/html/Nasim/Vervoer/images/service/service-27.jpg]
[www.commonsupport.com/html/Nasim/Vervoer/index-7.html]
[www.commonsupport.com/html/Nasim/Vervoer/images/banner/banner-8.jpg]
[www.commonsupport.com/html/Nasim/Vervoer/images/banner/banner-shape-6.png]
[www.commonsupport.com/html/Nasim/Vervoer/images/clients/client-5.png]
[www.commonsupport.com/html/Nasim/Vervoer/images/clients/client-6.png]
[www.commonsupport.com/html/Nasim/Vervoer/images/clients/client-7.png]
[www.commonsupport.com/html/Nasim/Vervoer/images/clients/client-8.png]
[www.commonsupport.com/html/Nasim/Vervoer/images/service/service-28.png]
[www.commonsupport.com/html/Nasim/Vervoer/images/service/service-29.jpg]
[www.commonsupport.com/html/Nasim/Vervoer/images/service/service-30.jpg]
[www.commonsupport.com/html/Nasim/Vervoer/images/service/service-31.jpg]
[www.commonsupport.com/html/Nasim/Vervoer/images/icons/air-freight-1.svg]
[www.commonsupport.com/html/Nasim/Vervoer/images/icons/free-shipping.svg]
[www.commonsupport.com/html/Nasim/Vervoer/images/icons/freight.svg]
[www.commonsupport.com/html/Nasim/Vervoer/images/icons/freight-2.svg]
[www.commonsupport.com/html/Nasim/Vervoer/images/icons/ship-1.svg]
[www.commonsupport.com/html/Nasim/Vervoer/images/icons/forklift.svg]
[www.commonsupport.com/html/Nasim/Vervoer/images/background/feature-banner-bg-2.jpg]
[www.commonsupport.com/html/Nasim/Vervoer/images/background/map-light.png]
[www.commonsupport.com/html/Nasim/Vervoer/images/icons/express-delivery-1.svg]
[www.commonsupport.com/html/Nasim/Vervoer/images/icons/planet-earth.svg]
[www.commonsupport.com/html/Nasim/Vervoer/images/icons/rating.svg]
[www.commonsupport.com/html/Nasim/Vervoer/images/icons/packages.svg]
[www.commonsupport.com/html/Nasim/Vervoer/images/shape/shape-8.png]
[www.commonsupport.com/html/Nasim/Vervoer/images/resource/featured-image-1.png]
[www.commonsupport.com/html/Nasim/Vervoer/images/resource/tab-image-01.jpg]
[www.commonsupport.com/html/Nasim/Vervoer/images/resource/tab-image-02.jpg]
[www.commonsupport.com/html/Nasim/Vervoer/images/testimonials/testimonial-image.jpg]
[www.commonsupport.com/html/Nasim/Vervoer/images/resource/cta-left-image-2.jpg]
[www.commonsupport.com/html/Nasim/Vervoer/images/resource/Toyota_forklift_1.png]
[www.commonsupport.com/html/Nasim/Vervoer/images/footer-logo-1.svg]
[www.commonsupport.com/html/Nasim/Vervoer/index-8.html]
[www.commonsupport.com/html/Nasim/Vervoer/images/banner/banner-9.jpg]
[www.commonsupport.com/html/Nasim/Vervoer/images/banner/banner-10.jpg]
[www.commonsupport.com/html/Nasim/Vervoer/images/banner/banner-10-1.jpg]
[www.commonsupport.com/html/Nasim/Vervoer/images/resource/map-image-1.png]
[www.commonsupport.com/html/Nasim/Vervoer/images/resource/testimonials-left-image.jpg]
[www.commonsupport.com/html/Nasim/Vervoer/index-9.html]
[www.commonsupport.com/html/Nasim/Vervoer/css/multi-scroll.css]
[www.commonsupport.com/html/Nasim/Vervoer/images/banner/banner-11.jpg]
[www.commonsupport.com/html/Nasim/Vervoer/images/banner/banner-thumb-2.jpg]
[www.commonsupport.com/html/Nasim/Vervoer/images/banner/banner-13.jpg]
[www.commonsupport.com/html/Nasim/Vervoer/images/banner/banner-thumb-4.jpg]
[www.commonsupport.com/html/Nasim/Vervoer/images/banner/banner-thumb-1.jpg]
[www.commonsupport.com/html/Nasim/Vervoer/images/banner/banner-12.jpg]
[www.commonsupport.com/html/Nasim/Vervoer/images/banner/banner-thumb-3.jpg]
[www.commonsupport.com/html/Nasim/Vervoer/images/banner/banner-14.jpg]
[www.commonsupport.com/html/Nasim/Vervoer/index-10.html]
[www.commonsupport.com/html/Nasim/Vervoer/js/multi-scroll.js]
[www.commonsupport.com/html/Nasim/Vervoer/images/background/page-banner-bg.jpg]
[www.commonsupport.com/html/Nasim/Vervoer/images/shape/Illustration-shape.png]
[www.commonsupport.com/html/Nasim/Vervoer/images/resource/about-image-5.jpg]
[www.commonsupport.com/html/Nasim/Vervoer/images/resource/about-image-6.jpg]
[www.commonsupport.com/html/Nasim/Vervoer/images/shape/shape-2-1.png]
[www.commonsupport.com/html/Nasim/Vervoer/images/resource/thumb-6.png]
[www.commonsupport.com/html/Nasim/Vervoer/images/background/footer-pattern.png]
[www.commonsupport.com/html/Nasim/Vervoer/about.html]
[www.commonsupport.com/html/Nasim/Vervoer/images/background/page-banner-bg-5.jpg]
[www.commonsupport.com/html/Nasim/Vervoer/services.html]
[www.commonsupport.com/html/Nasim/Vervoer/images/background/page-banner-bg-6.jpg]
[www.commonsupport.com/html/Nasim/Vervoer/shipping.html]
[www.commonsupport.com/html/Nasim/Vervoer/transport.html]
[www.commonsupport.com/html/Nasim/Vervoer/air-freight.html]
[www.commonsupport.com/html/Nasim/Vervoer/rail-freight.html]
[www.commonsupport.com/html/Nasim/Vervoer/road-freight.html]
[www.commonsupport.com/html/Nasim/Vervoer/images/service/service-32.jpg]
[www.commonsupport.com/html/Nasim/Vervoer/service-details.html]
[www.commonsupport.com/html/Nasim/Vervoer/images/project/project-11.jpg]
[www.commonsupport.com/html/Nasim/Vervoer/images/project/project-12.jpg]
[www.commonsupport.com/html/Nasim/Vervoer/images/project/project-13.jpg]
[www.commonsupport.com/html/Nasim/Vervoer/images/project/project-14.jpg]
[www.commonsupport.com/html/Nasim/Vervoer/portfolio-four-grid.html]
[www.commonsupport.com/html/Nasim/Vervoer/portfolio-three-grid.html]
[www.commonsupport.com/html/Nasim/Vervoer/images/background/page-banner-bg-7.jpg]
[www.commonsupport.com/html/Nasim/Vervoer/images/project/project-15.jpg]
[www.commonsupport.com/html/Nasim/Vervoer/images/project/project-16.jpg]
[www.commonsupport.com/html/Nasim/Vervoer/images/project/project-17.jpg]
[www.commonsupport.com/html/Nasim/Vervoer/images/project/project-18.jpg]
[www.commonsupport.com/html/Nasim/Vervoer/images/shape/shape-10.png]
[www.commonsupport.com/html/Nasim/Vervoer/portfolio-details.html]
[www.commonsupport.com/html/Nasim/Vervoer/images/background/page-banner-bg-1.jpg]
[www.commonsupport.com/html/Nasim/Vervoer/images/shape/shape-9.png]
[www.commonsupport.com/html/Nasim/Vervoer/images/resource/mission-image.jpg]
[www.commonsupport.com/html/Nasim/Vervoer/history.html]
[www.commonsupport.com/html/Nasim/Vervoer/images/background/page-banner-bg-2.jpg]
[www.commonsupport.com/html/Nasim/Vervoer/images/team/team-7.jpg]
[www.commonsupport.com/html/Nasim/Vervoer/images/team/team-8.jpg]
[www.commonsupport.com/html/Nasim/Vervoer/images/team/team-9.jpg]
[www.commonsupport.com/html/Nasim/Vervoer/team.html]
[www.commonsupport.com/html/Nasim/Vervoer/images/team/team-1.jpg]
[www.commonsupport.com/html/Nasim/Vervoer/js/jquery.countTo.js]
[www.commonsupport.com/html/Nasim/Vervoer/js/circle-progress.js]
[www.commonsupport.com/html/Nasim/Vervoer/team-details.html]
[www.commonsupport.com/html/Nasim/Vervoer/images/background/page-banner-bg-3.jpg]
[www.commonsupport.com/html/Nasim/Vervoer/clients.html]
[www.commonsupport.com/html/Nasim/Vervoer/images/background/page-banner-bg-4.jpg]
[www.commonsupport.com/html/Nasim/Vervoer/faq.html]
[www.commonsupport.com/html/Nasim/Vervoer/images/background/page-banner-bg-8.jpg]
[www.commonsupport.com/html/Nasim/Vervoer/images/resource/error-404.png]
[www.commonsupport.com/html/Nasim/Vervoer/images/resource/error-image.png]
[www.commonsupport.com/html/Nasim/Vervoer/images/shape/shape-11.png]
[www.commonsupport.com/html/Nasim/Vervoer/error.html]
[www.commonsupport.com/html/Nasim/Vervoer/images/background/page-banner-bg-9.jpg]
[www.commonsupport.com/html/Nasim/Vervoer/request-a-quote.html]
[www.commonsupport.com/html/Nasim/Vervoer/images/background/page-banner-bg-11.jpg]
[www.commonsupport.com/html/Nasim/Vervoer/images/resource/newsletter-image.jpg]
[www.commonsupport.com/html/Nasim/Vervoer/newsletter-popup.html]
[www.commonsupport.com/html/Nasim/Vervoer/images/background/page-banner-bg-10.jpg]
[www.commonsupport.com/html/Nasim/Vervoer/images/blog/blog-13.jpg]
[www.commonsupport.com/html/Nasim/Vervoer/images/blog/blog-14.jpg]
[www.commonsupport.com/html/Nasim/Vervoer/images/blog/blog-15.jpg]
[www.commonsupport.com/html/Nasim/Vervoer/images/blog/blog-16.jpg]
[www.commonsupport.com/html/Nasim/Vervoer/images/blog/blog-17.jpg]
[www.commonsupport.com/html/Nasim/Vervoer/images/blog/blog-18.jpg]
[www.commonsupport.com/html/Nasim/Vervoer/images/blog/blog-19.jpg]
[www.commonsupport.com/html/Nasim/Vervoer/images/blog/blog-20.jpg]
[www.commonsupport.com/html/Nasim/Vervoer/images/blog/post-1.jpg]
[www.commonsupport.com/html/Nasim/Vervoer/images/blog/blog-thumb-image.jpg]
[www.commonsupport.com/html/Nasim/Vervoer/news-grid.html]
[www.commonsupport.com/html/Nasim/Vervoer/images/blog/blog-10.jpg]
[www.commonsupport.com/html/Nasim/Vervoer/images/blog/blog-11.jpg]
[www.commonsupport.com/html/Nasim/Vervoer/images/blog/blog-12.jpg]
[www.commonsupport.com/html/Nasim/Vervoer/news-standard.html]
[www.commonsupport.com/html/Nasim/Vervoer/images/icons/quort-icon.png]
[www.commonsupport.com/html/Nasim/Vervoer/images/blog/blog-21.jpg]
[www.commonsupport.com/html/Nasim/Vervoer/images/blog/author-1.jpg]
[www.commonsupport.com/html/Nasim/Vervoer/news-details.html]
[www.commonsupport.com/html/Nasim/Vervoer/contact.html]
[www.commonsupport.com/html/Nasim/Vervoer/images/icons/low-price.svg]
[www.commonsupport.com/html/Nasim/Vervoer/images/icons/order-tracking.svg]
[www.commonsupport.com/html/Nasim/Vervoer/images/icons/clock.svg]
[www.commonsupport.com/html/Nasim/Vervoer/images/icons/air-freight.svg]
[www.commonsupport.com/html/Nasim/Vervoer/images/icons/rail-freight.svg]
[www.commonsupport.com/html/Nasim/Vervoer/images/icons/road-freight.svg]
[www.commonsupport.com/html/Nasim/Vervoer/images/footer-logo.svg]
[www.commonsupport.com/html/Nasim/Vervoer/css/owl.video.play.html]
[www.commonsupport.com/html/Nasim/Vervoer/css/images/ui-icons_444444_256x240.html]
[www.commonsupport.com/html/Nasim/Vervoer/css/images/ui-icons_555555_256x240.html]
[www.commonsupport.com/html/Nasim/Vervoer/css/images/ui-icons_777620_256x240.html]
[www.commonsupport.com/html/Nasim/Vervoer/css/images/ui-icons_cc0000_256x240.html]
[www.commonsupport.com/html/Nasim/Vervoer/fonts/font-awesome/fa-brands-400.html]
[www.commonsupport.com/html/Nasim/Vervoer/fonts/font-awesome/fa-light-300.html]
[www.commonsupport.com/html/Nasim/Vervoer/fonts/font-awesome/fa-light-300d41d.html]
[www.commonsupport.com/html/Nasim/Vervoer/fonts/font-awesome/fa-light-301.html]
[www.commonsupport.com/html/Nasim/Vervoer/fonts/font-awesome/fa-light-302.html]
[www.commonsupport.com/html/Nasim/Vervoer/fonts/font-awesome/fa-regular-400.html]
[www.commonsupport.com/html/Nasim/Vervoer/fonts/font-awesome/fa-regular-401.html]
[www.commonsupport.com/html/Nasim/Vervoer/fonts/font-awesome/fa-solid-900.html]
[www.commonsupport.com/html/Nasim/Vervoer/fonts/font-awesome/fa-solid-900d41d.html]
[www.commonsupport.com/html/Nasim/Vervoer/fonts/font-awesome/fa-solid-901.html]
[www.commonsupport.com/html/Nasim/Vervoer/fonts/font-awesome/fa-solid-902.html]
[www.commonsupport.com/html/Nasim/Vervoer/fonts/flaticon/flaticon1c9e.svg]
[www.commonsupport.com/html/Nasim/Vervoer/images/icons/low-price-3.svg]
[www.commonsupport.com/html/Nasim/Vervoer/images/icons/clock-3.svg]
[www.commonsupport.com/html/Nasim/Vervoer/images/icons/order-tracking-1.svg]
[www.commonsupport.com/html/Nasim/Vervoer/images/icons/suport-3.svg]
[www.commonsupport.com/html/Nasim/Vervoer/images/icons/low-price-2.svg]
[www.commonsupport.com/html/Nasim/Vervoer/images/icons/clock-2.svg]
[www.commonsupport.com/html/Nasim/Vervoer/images/icons/credit-card.svg]
[www.commonsupport.com/html/Nasim/Vervoer/images/icons/security.svg]
[www.commonsupport.com/html/Nasim/Vervoer/images/icons/warehouse.svg]
[www.commonsupport.com/html/Nasim/Vervoer/images/icons/express-delivery.svg]
[www.commonsupport.com/html/Nasim/Vervoer/images/icons/air-freight-1.svg]
[www.commonsupport.com/html/Nasim/Vervoer/images/icons/free-shipping.svg]
[www.commonsupport.com/html/Nasim/Vervoer/images/icons/freight.svg]
[www.commonsupport.com/html/Nasim/Vervoer/images/icons/freight-2.svg]
[www.commonsupport.com/html/Nasim/Vervoer/images/icons/ship-1.svg]
[www.commonsupport.com/html/Nasim/Vervoer/images/icons/forklift.svg]
[www.commonsupport.com/html/Nasim/Vervoer/images/icons/express-delivery-1.svg]
[www.commonsupport.com/html/Nasim/Vervoer/images/icons/planet-earth.svg]
[www.commonsupport.com/html/Nasim/Vervoer/images/icons/rating.svg]
[www.commonsupport.com/html/Nasim/Vervoer/images/icons/packages.svg]
[www.commonsupport.com/html/Nasim/Vervoer/images/footer-logo-1.svg]
[www.commonsupport.com/html/Nasim/Vervoer/css/multi-scroll.css]
[www.commonsupport.com/html/Nasim/Vervoer/shipping.html]
[www.commonsupport.com/html/Nasim/Vervoer/transport.html]
[www.commonsupport.com/html/Nasim/Vervoer/air-freight.html]
[www.commonsupport.com/html/Nasim/Vervoer/rail-freight.html]
[www.commonsupport.com/html/Nasim/Vervoer/road-freight.html]
